// Jest Snapshot v1, https://goo.gl/fbAQLP

exports[`ConcordiaShuttleTimes matches snapshot 1`] = `
<RCTScrollView
  contentContainerStyle={
    {
      "padding": 15,
      "paddingBottom": 20,
    }
  }
  showsVerticalScrollIndicator={false}
  style={
    {
      "backgroundColor": "rgba(145, 35, 55, 0.99)",
      "maxHeight": "30%",
      "width": "100%",
    }
  }
>
  <View>
    <Text
      style={
        {
          "color": "white",
          "fontSize": 18,
          "fontWeight": "bold",
          "marginBottom": 8,
          "textAlign": "center",
          "textTransform": "uppercase",
        }
      }
    >
      Bus Shuttle Departure Times
    </Text>
    <Text
      style={
        {
          "color": "white",
          "fontSize": 16,
          "marginBottom": 15,
          "textAlign": "center",
        }
      }
    >
      Current Time: 
      18:30
    </Text>
    <View
      style={
        {
          "borderBottomColor": "white",
          "borderBottomWidth": 1,
          "flexDirection": "row",
          "justifyContent": "space-around",
          "marginBottom": 15,
          "paddingBottom": 10,
          "paddingHorizontal": 20,
        }
      }
    >
      <Text
        style={
          {
            "color": "white",
            "flex": 1,
            "fontSize": 14,
            "fontWeight": "bold",
            "textAlign": "center",
          }
        }
      >
        LOYOLA CAMPUS
      </Text>
      <Text
        style={
          {
            "color": "white",
            "flex": 1,
            "fontSize": 14,
            "fontWeight": "bold",
            "textAlign": "center",
          }
        }
      >
        SGW CAMPUS
      </Text>
    </View>
    <View
      style={
        {
          "flexDirection": "row",
          "justifyContent": "space-around",
          "marginVertical": 8,
          "paddingHorizontal": 20,
        }
      }
    >
      <View
        style={
          {
            "alignItems": "center",
            "flex": 1,
          }
        }
      />
      <View
        style={
          {
            "alignItems": "center",
            "flex": 1,
          }
        }
      >
        <Text
          style={
            {
              "color": "white",
              "flexDirection": "row",
              "fontSize": 14,
              "fontWeight": "500",
              "justifyContent": "center",
              "minWidth": 150,
              "textAlign": "center",
            }
          }
        >
          18:30
          <Text
            style={
              [
                {
                  "flex": 1,
                  "fontSize": 14,
                  "marginLeft": 8,
                  "textAlign": "left",
                },
                {
                  "color": "#ffd700",
                  "fontWeight": "bold",
                },
              ]
            }
          >
              ‚è≥ Departing...
          </Text>
        </Text>
      </View>
    </View>
  </View>
</RCTScrollView>
`;
